---
source: crates/asatsuyu-cli/src/lsp/analysis.rs
expression: snapshot
---
False                     keyword
True                      keyword
add                       symbol(Function)
await                     keyword
fn                        keyword [snippet]
if                        keyword [snippet]
let                       keyword [snippet]
let mut                   keyword [snippet]
list                      symbol(Builtin)
main                      symbol(Function)
match                     keyword [snippet]
option                    symbol(Builtin)
println                   symbol(Builtin)
string_concat             symbol(Builtin)
try                       keyword
