---
source: crates/asatsuyu-cli/tests/golden.rs
expression: hir
input_file: crates/asatsuyu-cli/tests/cases/err-purity-broken/input.asty
---
HirModule {
    imports: [],
    functions: [
        HirFnDef {
            def_id: Idx::<DefData>(4),
            visibility: Private,
            is_async: false,
            pure_span: None,
            params: [],
            return_type: None,
            body: Block {
                exprs: [
                    Call {
                        func: Var(
                            Idx::<DefData>(1),
                            Span {
                                file_id: FileId(
                                    0,
                                ),
                                start: 14,
                                end: 21,
                            },
                        ),
                        args: [
                            Literal(
                                HirLiteral {
                                    kind: String,
                                    value: "\"x\"",
                                    span: Span {
                                        file_id: FileId(
                                            0,
                                        ),
                                        start: 22,
                                        end: 25,
                                    },
                                },
                            ),
                        ],
                        span: Span {
                            file_id: FileId(
                                0,
                            ),
                            start: 14,
                            end: 26,
                        },
                    },
                ],
                span: Span {
                    file_id: FileId(
                        0,
                    ),
                    start: 10,
                    end: 28,
                },
            },
            span: Span {
                file_id: FileId(
                    0,
                ),
                start: 0,
                end: 28,
            },
        },
        HirFnDef {
            def_id: Idx::<DefData>(5),
            visibility: Private,
            is_async: false,
            pure_span: None,
            params: [],
            return_type: None,
            body: Block {
                exprs: [
                    Call {
                        func: Var(
                            Idx::<DefData>(4),
                            Span {
                                file_id: FileId(
                                    0,
                                ),
                                start: 46,
                                end: 50,
                            },
                        ),
                        args: [],
                        span: Span {
                            file_id: FileId(
                                0,
                            ),
                            start: 46,
                            end: 52,
                        },
                    },
                ],
                span: Span {
                    file_id: FileId(
                        0,
                    ),
                    start: 42,
                    end: 54,
                },
            },
            span: Span {
                file_id: FileId(
                    0,
                ),
                start: 30,
                end: 54,
            },
        },
        HirFnDef {
            def_id: Idx::<DefData>(6),
            visibility: Public,
            is_async: false,
            pure_span: Some(
                Span {
                    file_id: FileId(
                        0,
                    ),
                    start: 60,
                    end: 64,
                },
            ),
            params: [],
            return_type: None,
            body: Block {
                exprs: [
                    Call {
                        func: Var(
                            Idx::<DefData>(5),
                            Span {
                                file_id: FileId(
                                    0,
                                ),
                                start: 78,
                                end: 84,
                            },
                        ),
                        args: [],
                        span: Span {
                            file_id: FileId(
                                0,
                            ),
                            start: 78,
                            end: 86,
                        },
                    },
                ],
                span: Span {
                    file_id: FileId(
                        0,
                    ),
                    start: 74,
                    end: 88,
                },
            },
            span: Span {
                file_id: FileId(
                    0,
                ),
                start: 56,
                end: 88,
            },
        },
    ],
    custom_types: [],
    symbol_table: SymbolTable {
        defs: Arena {
            len: 7,
            data: [
                DefData {
                    name: "string_concat",
                    kind: Builtin,
                    is_mutable: false,
                    span: Span {
                        file_id: FileId(
                            0,
                        ),
                        start: 0,
                        end: 0,
                    },
                },
                DefData {
                    name: "println",
                    kind: Builtin,
                    is_mutable: false,
                    span: Span {
                        file_id: FileId(
                            0,
                        ),
                        start: 0,
                        end: 0,
                    },
                },
                DefData {
                    name: "list",
                    kind: Builtin,
                    is_mutable: false,
                    span: Span {
                        file_id: FileId(
                            0,
                        ),
                        start: 0,
                        end: 0,
                    },
                },
                DefData {
                    name: "option",
                    kind: Builtin,
                    is_mutable: false,
                    span: Span {
                        file_id: FileId(
                            0,
                        ),
                        start: 0,
                        end: 0,
                    },
                },
                DefData {
                    name: "leaf",
                    kind: Function,
                    is_mutable: false,
                    span: Span {
                        file_id: FileId(
                            0,
                        ),
                        start: 3,
                        end: 7,
                    },
                },
                DefData {
                    name: "middle",
                    kind: Function,
                    is_mutable: false,
                    span: Span {
                        file_id: FileId(
                            0,
                        ),
                        start: 33,
                        end: 39,
                    },
                },
                DefData {
                    name: "top",
                    kind: Function,
                    is_mutable: false,
                    span: Span {
                        file_id: FileId(
                            0,
                        ),
                        start: 68,
                        end: 71,
                    },
                },
            ],
        },
    },
    span: Span {
        file_id: FileId(
            0,
        ),
        start: 0,
        end: 88,
    },
}
