---
source: crates/asatsuyu-cli/tests/golden.rs
expression: hir
input_file: crates/asatsuyu-cli/tests/cases/call-simple/input.asty
---
HirModule {
    imports: [],
    functions: [
        HirFnDef {
            def_id: Idx::<DefData>(1),
            visibility: Public,
            params: [
                HirParam {
                    def_id: Idx::<DefData>(3),
                    type_ann: Some(
                        HirTypeExpr {
                            name: "Int",
                            args: [],
                            span: Span {
                                file_id: FileId(
                                    0,
                                ),
                                start: 17,
                                end: 20,
                            },
                        },
                    ),
                    span: Span {
                        file_id: FileId(
                            0,
                        ),
                        start: 14,
                        end: 20,
                    },
                },
            ],
            return_type: Some(
                HirTypeExpr {
                    name: "Int",
                    args: [],
                    span: Span {
                        file_id: FileId(
                            0,
                        ),
                        start: 25,
                        end: 28,
                    },
                },
            ),
            body: Block {
                exprs: [
                    BinaryOp {
                        op: Mul,
                        lhs: Var(
                            Idx::<DefData>(3),
                            Span {
                                file_id: FileId(
                                    0,
                                ),
                                start: 33,
                                end: 34,
                            },
                        ),
                        rhs: Literal(
                            HirLiteral {
                                kind: Int,
                                value: "2",
                                span: Span {
                                    file_id: FileId(
                                        0,
                                    ),
                                    start: 37,
                                    end: 38,
                                },
                            },
                        ),
                        span: Span {
                            file_id: FileId(
                                0,
                            ),
                            start: 30,
                            end: 38,
                        },
                    },
                ],
                span: Span {
                    file_id: FileId(
                        0,
                    ),
                    start: 28,
                    end: 40,
                },
            },
            span: Span {
                file_id: FileId(
                    0,
                ),
                start: 0,
                end: 40,
            },
        },
        HirFnDef {
            def_id: Idx::<DefData>(2),
            visibility: Public,
            params: [],
            return_type: Some(
                HirTypeExpr {
                    name: "Int",
                    args: [],
                    span: Span {
                        file_id: FileId(
                            0,
                        ),
                        start: 59,
                        end: 62,
                    },
                },
            ),
            body: Block {
                exprs: [
                    Call {
                        func: Var(
                            Idx::<DefData>(1),
                            Span {
                                file_id: FileId(
                                    0,
                                ),
                                start: 67,
                                end: 73,
                            },
                        ),
                        args: [
                            Literal(
                                HirLiteral {
                                    kind: Int,
                                    value: "5",
                                    span: Span {
                                        file_id: FileId(
                                            0,
                                        ),
                                        start: 74,
                                        end: 75,
                                    },
                                },
                            ),
                        ],
                        span: Span {
                            file_id: FileId(
                                0,
                            ),
                            start: 64,
                            end: 76,
                        },
                    },
                ],
                span: Span {
                    file_id: FileId(
                        0,
                    ),
                    start: 62,
                    end: 78,
                },
            },
            span: Span {
                file_id: FileId(
                    0,
                ),
                start: 40,
                end: 78,
            },
        },
    ],
    custom_types: [],
    symbol_table: SymbolTable {
        defs: Arena {
            len: 4,
            data: [
                DefData {
                    name: "string_concat",
                    kind: Builtin,
                    span: Span {
                        file_id: FileId(
                            0,
                        ),
                        start: 0,
                        end: 0,
                    },
                },
                DefData {
                    name: "double",
                    kind: Function,
                    span: Span {
                        file_id: FileId(
                            0,
                        ),
                        start: 7,
                        end: 13,
                    },
                },
                DefData {
                    name: "main",
                    kind: Function,
                    span: Span {
                        file_id: FileId(
                            0,
                        ),
                        start: 49,
                        end: 53,
                    },
                },
                DefData {
                    name: "x",
                    kind: Parameter,
                    span: Span {
                        file_id: FileId(
                            0,
                        ),
                        start: 14,
                        end: 15,
                    },
                },
            ],
        },
    },
    span: Span {
        file_id: FileId(
            0,
        ),
        start: 0,
        end: 79,
    },
}
