---
source: crates/asatsuyu-cli/tests/golden.rs
expression: cst
input_file: crates/asatsuyu-cli/tests/cases/err-hir-duplicate/input.asty
---
SourceFile@0..61
  FnDef@0..29
    Visibility@0..3
      PubKw@0..3 "pub"
    Whitespace@3..4 " "
    FnKw@4..6 "fn"
    Whitespace@6..7 " "
    Ident@7..11 "main"
    ParamList@11..13
      LParen@11..12 "("
      RParen@12..13 ")"
    ReturnType@13..20
      Whitespace@13..14 " "
      Arrow@14..16 "->"
      TypeExpr@16..20
        Whitespace@16..17 " "
        Ident@17..20 "Int"
    BlockExpr@20..29
      Whitespace@20..21 " "
      LBrace@21..22 "{"
      LiteralExpr@22..27
        Newline@22..23 "\n"
        Whitespace@23..25 "  "
        IntLit@25..27 "42"
      Newline@27..28 "\n"
      RBrace@28..29 "}"
  FnDef@29..60
    Visibility@29..34
      Newline@29..30 "\n"
      Newline@30..31 "\n"
      PubKw@31..34 "pub"
    Whitespace@34..35 " "
    FnKw@35..37 "fn"
    Whitespace@37..38 " "
    Ident@38..42 "main"
    ParamList@42..44
      LParen@42..43 "("
      RParen@43..44 ")"
    ReturnType@44..51
      Whitespace@44..45 " "
      Arrow@45..47 "->"
      TypeExpr@47..51
        Whitespace@47..48 " "
        Ident@48..51 "Int"
    BlockExpr@51..60
      Whitespace@51..52 " "
      LBrace@52..53 "{"
      LiteralExpr@53..58
        Newline@53..54 "\n"
        Whitespace@54..56 "  "
        IntLit@56..58 "43"
      Newline@58..59 "\n"
      RBrace@59..60 "}"
  Newline@60..61 "\n"
