---
source: crates/asatsuyu-cli/tests/golden.rs
expression: thir
input_file: crates/asatsuyu-cli/tests/cases/mutable-in-block/input.asty
---
ThirModule {
    functions: [
        ThirFnDef {
            def_id: Idx::<DefData>(4),
            visibility: Public,
            is_async: false,
            params: [
                ThirParam {
                    def_id: Idx::<DefData>(5),
                    ty: Primitive(
                        Bool,
                    ),
                    span: Span {
                        file_id: FileId(
                            0,
                        ),
                        start: 14,
                        end: 24,
                    },
                },
            ],
            return_ty: Primitive(
                Int,
            ),
            body: Block {
                exprs: [
                    Let {
                        binding: Idx::<DefData>(6),
                        value: Literal(
                            ThirLiteral {
                                kind: Int,
                                value: "0",
                                ty: Primitive(
                                    Int,
                                ),
                                span: Span {
                                    file_id: FileId(
                                        0,
                                    ),
                                    start: 54,
                                    end: 55,
                                },
                            },
                        ),
                        is_mutable: true,
                        ty: Primitive(
                            None,
                        ),
                        span: Span {
                            file_id: FileId(
                                0,
                            ),
                            start: 37,
                            end: 55,
                        },
                    },
                    If {
                        condition: Var {
                            def_id: Idx::<DefData>(5),
                            ty: Primitive(
                                Bool,
                            ),
                            span: Span {
                                file_id: FileId(
                                    0,
                                ),
                                start: 61,
                                end: 65,
                            },
                        },
                        then_body: Block {
                            exprs: [
                                Assign {
                                    target: Idx::<DefData>(6),
                                    value: Literal(
                                        ThirLiteral {
                                            kind: Int,
                                            value: "1",
                                            ty: Primitive(
                                                Int,
                                            ),
                                            span: Span {
                                                file_id: FileId(
                                                    0,
                                                ),
                                                start: 81,
                                                end: 82,
                                            },
                                        },
                                    ),
                                    target_span: Span {
                                        file_id: FileId(
                                            0,
                                        ),
                                        start: 72,
                                        end: 78,
                                    },
                                    ty: Primitive(
                                        None,
                                    ),
                                    span: Span {
                                        file_id: FileId(
                                            0,
                                        ),
                                        start: 72,
                                        end: 82,
                                    },
                                },
                            ],
                            ty: Primitive(
                                None,
                            ),
                            span: Span {
                                file_id: FileId(
                                    0,
                                ),
                                start: 65,
                                end: 86,
                            },
                        },
                        else_body: Some(
                            Block {
                                exprs: [
                                    Assign {
                                        target: Idx::<DefData>(6),
                                        value: Literal(
                                            ThirLiteral {
                                                kind: Int,
                                                value: "2",
                                                ty: Primitive(
                                                    Int,
                                                ),
                                                span: Span {
                                                    file_id: FileId(
                                                        0,
                                                    ),
                                                    start: 107,
                                                    end: 108,
                                                },
                                            },
                                        ),
                                        target_span: Span {
                                            file_id: FileId(
                                                0,
                                            ),
                                            start: 98,
                                            end: 104,
                                        },
                                        ty: Primitive(
                                            None,
                                        ),
                                        span: Span {
                                            file_id: FileId(
                                                0,
                                            ),
                                            start: 98,
                                            end: 108,
                                        },
                                    },
                                ],
                                ty: Primitive(
                                    None,
                                ),
                                span: Span {
                                    file_id: FileId(
                                        0,
                                    ),
                                    start: 91,
                                    end: 112,
                                },
                            },
                        ),
                        ty: Primitive(
                            None,
                        ),
                        span: Span {
                            file_id: FileId(
                                0,
                            ),
                            start: 55,
                            end: 112,
                        },
                    },
                    Var {
                        def_id: Idx::<DefData>(6),
                        ty: Primitive(
                            Int,
                        ),
                        span: Span {
                            file_id: FileId(
                                0,
                            ),
                            start: 115,
                            end: 121,
                        },
                    },
                ],
                ty: Primitive(
                    Int,
                ),
                span: Span {
                    file_id: FileId(
                        0,
                    ),
                    start: 32,
                    end: 123,
                },
            },
            ty: Function {
                params: [
                    Primitive(
                        Bool,
                    ),
                ],
                ret: Primitive(
                    Int,
                ),
            },
            span: Span {
                file_id: FileId(
                    0,
                ),
                start: 0,
                end: 123,
            },
        },
    ],
    custom_types: [],
    imports: [],
    symbol_table: SymbolTable {
        defs: Arena {
            len: 7,
            data: [
                DefData {
                    name: "string_concat",
                    kind: Builtin,
                    is_mutable: false,
                    span: Span {
                        file_id: FileId(
                            0,
                        ),
                        start: 0,
                        end: 0,
                    },
                },
                DefData {
                    name: "println",
                    kind: Builtin,
                    is_mutable: false,
                    span: Span {
                        file_id: FileId(
                            0,
                        ),
                        start: 0,
                        end: 0,
                    },
                },
                DefData {
                    name: "list",
                    kind: Builtin,
                    is_mutable: false,
                    span: Span {
                        file_id: FileId(
                            0,
                        ),
                        start: 0,
                        end: 0,
                    },
                },
                DefData {
                    name: "option",
                    kind: Builtin,
                    is_mutable: false,
                    span: Span {
                        file_id: FileId(
                            0,
                        ),
                        start: 0,
                        end: 0,
                    },
                },
                DefData {
                    name: "toggle",
                    kind: Function,
                    is_mutable: false,
                    span: Span {
                        file_id: FileId(
                            0,
                        ),
                        start: 7,
                        end: 13,
                    },
                },
                DefData {
                    name: "flag",
                    kind: Parameter,
                    is_mutable: false,
                    span: Span {
                        file_id: FileId(
                            0,
                        ),
                        start: 14,
                        end: 18,
                    },
                },
                DefData {
                    name: "result",
                    kind: LocalBinding,
                    is_mutable: true,
                    span: Span {
                        file_id: FileId(
                            0,
                        ),
                        start: 45,
                        end: 51,
                    },
                },
            ],
        },
    },
    ffi_modules: {},
    python_api_index: None,
    span: Span {
        file_id: FileId(
            0,
        ),
        start: 0,
        end: 124,
    },
}
