---
source: crates/asatsuyu-cli/tests/golden.rs
expression: ast
input_file: crates/asatsuyu-cli/tests/cases/adt-with-fields/input.asty
---
Module {
    imports: [],
    definitions: [
        CustomType(
            CustomType {
                name: Ident {
                    name: "User",
                    span: Span {
                        file_id: FileId(
                            0,
                        ),
                        start: 5,
                        end: 9,
                    },
                },
                visibility: Private,
                type_params: [],
                body: Variants(
                    [
                        Variant {
                            name: Ident {
                                name: "User",
                                span: Span {
                                    file_id: FileId(
                                        0,
                                    ),
                                    start: 14,
                                    end: 18,
                                },
                            },
                            fields: [
                                VariantField {
                                    label: None,
                                    type_ann: Named {
                                        name: Ident {
                                            name: "String",
                                            span: Span {
                                                file_id: FileId(
                                                    0,
                                                ),
                                                start: 25,
                                                end: 31,
                                            },
                                        },
                                        args: [],
                                        span: Span {
                                            file_id: FileId(
                                                0,
                                            ),
                                            start: 25,
                                            end: 31,
                                        },
                                    },
                                    span: Span {
                                        file_id: FileId(
                                            0,
                                        ),
                                        start: 19,
                                        end: 31,
                                    },
                                },
                                VariantField {
                                    label: None,
                                    type_ann: Named {
                                        name: Ident {
                                            name: "Int",
                                            span: Span {
                                                file_id: FileId(
                                                    0,
                                                ),
                                                start: 38,
                                                end: 41,
                                            },
                                        },
                                        args: [],
                                        span: Span {
                                            file_id: FileId(
                                                0,
                                            ),
                                            start: 38,
                                            end: 41,
                                        },
                                    },
                                    span: Span {
                                        file_id: FileId(
                                            0,
                                        ),
                                        start: 33,
                                        end: 41,
                                    },
                                },
                            ],
                            span: Span {
                                file_id: FileId(
                                    0,
                                ),
                                start: 14,
                                end: 42,
                            },
                        },
                    ],
                ),
                span: Span {
                    file_id: FileId(
                        0,
                    ),
                    start: 0,
                    end: 44,
                },
            },
        ),
        Function(
            FnDef {
                name: Ident {
                    name: "make",
                    span: Span {
                        file_id: FileId(
                            0,
                        ),
                        start: 53,
                        end: 57,
                    },
                },
                visibility: Public,
                is_async: false,
                pure_span: None,
                params: [],
                return_type: Some(
                    Named {
                        name: Ident {
                            name: "User",
                            span: Span {
                                file_id: FileId(
                                    0,
                                ),
                                start: 63,
                                end: 67,
                            },
                        },
                        args: [],
                        span: Span {
                            file_id: FileId(
                                0,
                            ),
                            start: 63,
                            end: 67,
                        },
                    },
                ),
                body: Block {
                    exprs: [
                        Call {
                            func: Variable(
                                Ident {
                                    name: "User",
                                    span: Span {
                                        file_id: FileId(
                                            0,
                                        ),
                                        start: 72,
                                        end: 76,
                                    },
                                },
                            ),
                            args: [
                                Literal(
                                    Literal {
                                        kind: String,
                                        value: "\"Alice\"",
                                        span: Span {
                                            file_id: FileId(
                                                0,
                                            ),
                                            start: 77,
                                            end: 84,
                                        },
                                    },
                                ),
                                Literal(
                                    Literal {
                                        kind: Int,
                                        value: "30",
                                        span: Span {
                                            file_id: FileId(
                                                0,
                                            ),
                                            start: 86,
                                            end: 88,
                                        },
                                    },
                                ),
                            ],
                            span: Span {
                                file_id: FileId(
                                    0,
                                ),
                                start: 72,
                                end: 89,
                            },
                        },
                    ],
                    span: Span {
                        file_id: FileId(
                            0,
                        ),
                        start: 68,
                        end: 91,
                    },
                },
                span: Span {
                    file_id: FileId(
                        0,
                    ),
                    start: 46,
                    end: 91,
                },
            },
        ),
    ],
    span: Span {
        file_id: FileId(
            0,
        ),
        start: 0,
        end: 91,
    },
}
