---
source: crates/asatsuyu-cli/tests/golden.rs
expression: thir
input_file: crates/asatsuyu-cli/tests/cases/if-else-chain/input.asty
---
ThirModule {
    functions: [
        ThirFnDef {
            def_id: Idx::<DefData>(4),
            visibility: Public,
            is_async: false,
            purity: Pure,
            declared_pure: false,
            params: [
                ThirParam {
                    def_id: Idx::<DefData>(5),
                    ty: Primitive(
                        Int,
                    ),
                    span: Span {
                        file_id: FileId(
                            0,
                        ),
                        start: 16,
                        end: 22,
                    },
                },
            ],
            return_ty: Primitive(
                String,
            ),
            body: Block {
                exprs: [
                    If {
                        condition: BinaryOp {
                            op: Gt,
                            lhs: Var {
                                def_id: Idx::<DefData>(5),
                                ty: Primitive(
                                    Int,
                                ),
                                span: Span {
                                    file_id: FileId(
                                        0,
                                    ),
                                    start: 41,
                                    end: 42,
                                },
                            },
                            rhs: Literal(
                                ThirLiteral {
                                    kind: Int,
                                    value: "0",
                                    ty: Primitive(
                                        Int,
                                    ),
                                    span: Span {
                                        file_id: FileId(
                                            0,
                                        ),
                                        start: 45,
                                        end: 46,
                                    },
                                },
                            ),
                            ty: Primitive(
                                Bool,
                            ),
                            span: Span {
                                file_id: FileId(
                                    0,
                                ),
                                start: 41,
                                end: 46,
                            },
                        },
                        then_body: Block {
                            exprs: [
                                Literal(
                                    ThirLiteral {
                                        kind: String,
                                        value: "\"positive\"",
                                        ty: Primitive(
                                            String,
                                        ),
                                        span: Span {
                                            file_id: FileId(
                                                0,
                                            ),
                                            start: 49,
                                            end: 59,
                                        },
                                    },
                                ),
                            ],
                            ty: Primitive(
                                String,
                            ),
                            span: Span {
                                file_id: FileId(
                                    0,
                                ),
                                start: 47,
                                end: 61,
                            },
                        },
                        else_body: Some(
                            If {
                                condition: BinaryOp {
                                    op: Eq,
                                    lhs: Var {
                                        def_id: Idx::<DefData>(5),
                                        ty: Primitive(
                                            Int,
                                        ),
                                        span: Span {
                                            file_id: FileId(
                                                0,
                                            ),
                                            start: 70,
                                            end: 71,
                                        },
                                    },
                                    rhs: Literal(
                                        ThirLiteral {
                                            kind: Int,
                                            value: "0",
                                            ty: Primitive(
                                                Int,
                                            ),
                                            span: Span {
                                                file_id: FileId(
                                                    0,
                                                ),
                                                start: 75,
                                                end: 76,
                                            },
                                        },
                                    ),
                                    ty: Primitive(
                                        Bool,
                                    ),
                                    span: Span {
                                        file_id: FileId(
                                            0,
                                        ),
                                        start: 70,
                                        end: 76,
                                    },
                                },
                                then_body: Block {
                                    exprs: [
                                        Literal(
                                            ThirLiteral {
                                                kind: String,
                                                value: "\"zero\"",
                                                ty: Primitive(
                                                    String,
                                                ),
                                                span: Span {
                                                    file_id: FileId(
                                                        0,
                                                    ),
                                                    start: 79,
                                                    end: 85,
                                                },
                                            },
                                        ),
                                    ],
                                    ty: Primitive(
                                        String,
                                    ),
                                    span: Span {
                                        file_id: FileId(
                                            0,
                                        ),
                                        start: 77,
                                        end: 87,
                                    },
                                },
                                else_body: Some(
                                    Block {
                                        exprs: [
                                            Literal(
                                                ThirLiteral {
                                                    kind: String,
                                                    value: "\"negative\"",
                                                    ty: Primitive(
                                                        String,
                                                    ),
                                                    span: Span {
                                                        file_id: FileId(
                                                            0,
                                                        ),
                                                        start: 95,
                                                        end: 105,
                                                    },
                                                },
                                            ),
                                        ],
                                        ty: Primitive(
                                            String,
                                        ),
                                        span: Span {
                                            file_id: FileId(
                                                0,
                                            ),
                                            start: 93,
                                            end: 107,
                                        },
                                    },
                                ),
                                ty: Primitive(
                                    String,
                                ),
                                span: Span {
                                    file_id: FileId(
                                        0,
                                    ),
                                    start: 67,
                                    end: 107,
                                },
                            },
                        ),
                        ty: Primitive(
                            String,
                        ),
                        span: Span {
                            file_id: FileId(
                                0,
                            ),
                            start: 38,
                            end: 107,
                        },
                    },
                ],
                ty: Primitive(
                    String,
                ),
                span: Span {
                    file_id: FileId(
                        0,
                    ),
                    start: 34,
                    end: 109,
                },
            },
            ty: Function {
                params: [
                    Primitive(
                        Int,
                    ),
                ],
                ret: Primitive(
                    String,
                ),
            },
            span: Span {
                file_id: FileId(
                    0,
                ),
                start: 0,
                end: 109,
            },
        },
    ],
    custom_types: [],
    imports: [],
    symbol_table: SymbolTable {
        defs: Arena {
            len: 6,
            data: [
                DefData {
                    name: "string_concat",
                    kind: Builtin,
                    is_mutable: false,
                    span: Span {
                        file_id: FileId(
                            0,
                        ),
                        start: 0,
                        end: 0,
                    },
                },
                DefData {
                    name: "println",
                    kind: Builtin,
                    is_mutable: false,
                    span: Span {
                        file_id: FileId(
                            0,
                        ),
                        start: 0,
                        end: 0,
                    },
                },
                DefData {
                    name: "list",
                    kind: Builtin,
                    is_mutable: false,
                    span: Span {
                        file_id: FileId(
                            0,
                        ),
                        start: 0,
                        end: 0,
                    },
                },
                DefData {
                    name: "option",
                    kind: Builtin,
                    is_mutable: false,
                    span: Span {
                        file_id: FileId(
                            0,
                        ),
                        start: 0,
                        end: 0,
                    },
                },
                DefData {
                    name: "classify",
                    kind: Function,
                    is_mutable: false,
                    span: Span {
                        file_id: FileId(
                            0,
                        ),
                        start: 7,
                        end: 15,
                    },
                },
                DefData {
                    name: "x",
                    kind: Parameter,
                    is_mutable: false,
                    span: Span {
                        file_id: FileId(
                            0,
                        ),
                        start: 16,
                        end: 17,
                    },
                },
            ],
        },
    },
    ffi_modules: {},
    python_api_index: None,
    span: Span {
        file_id: FileId(
            0,
        ),
        start: 0,
        end: 109,
    },
}
