---
source: crates/asatsuyu-cli/tests/golden.rs
expression: hir
input_file: crates/asatsuyu-cli/tests/cases/err-ty-not-callable/input.asty
---
HirModule {
    imports: [],
    functions: [
        HirFnDef {
            def_id: Idx::<DefData>(1),
            visibility: Public,
            params: [],
            return_type: Some(
                HirTypeExpr {
                    name: "Int",
                    args: [],
                    span: Span {
                        file_id: FileId(
                            0,
                        ),
                        start: 17,
                        end: 20,
                    },
                },
            ),
            body: Block {
                exprs: [
                    Let {
                        binding: Idx::<DefData>(2),
                        value: Literal(
                            HirLiteral {
                                kind: Int,
                                value: "42",
                                span: Span {
                                    file_id: FileId(
                                        0,
                                    ),
                                    start: 33,
                                    end: 35,
                                },
                            },
                        ),
                        span: Span {
                            file_id: FileId(
                                0,
                            ),
                            start: 25,
                            end: 35,
                        },
                    },
                    Call {
                        func: Var(
                            Idx::<DefData>(2),
                            Span {
                                file_id: FileId(
                                    0,
                                ),
                                start: 38,
                                end: 39,
                            },
                        ),
                        args: [
                            Literal(
                                HirLiteral {
                                    kind: Int,
                                    value: "1",
                                    span: Span {
                                        file_id: FileId(
                                            0,
                                        ),
                                        start: 40,
                                        end: 41,
                                    },
                                },
                            ),
                        ],
                        span: Span {
                            file_id: FileId(
                                0,
                            ),
                            start: 35,
                            end: 42,
                        },
                    },
                ],
                span: Span {
                    file_id: FileId(
                        0,
                    ),
                    start: 20,
                    end: 44,
                },
            },
            span: Span {
                file_id: FileId(
                    0,
                ),
                start: 0,
                end: 44,
            },
        },
    ],
    custom_types: [],
    symbol_table: SymbolTable {
        defs: Arena {
            len: 3,
            data: [
                DefData {
                    name: "string_concat",
                    kind: Builtin,
                    span: Span {
                        file_id: FileId(
                            0,
                        ),
                        start: 0,
                        end: 0,
                    },
                },
                DefData {
                    name: "main",
                    kind: Function,
                    span: Span {
                        file_id: FileId(
                            0,
                        ),
                        start: 7,
                        end: 11,
                    },
                },
                DefData {
                    name: "x",
                    kind: LocalBinding,
                    span: Span {
                        file_id: FileId(
                            0,
                        ),
                        start: 29,
                        end: 30,
                    },
                },
            ],
        },
    },
    span: Span {
        file_id: FileId(
            0,
        ),
        start: 0,
        end: 45,
    },
}
