---
source: crates/asatsuyu-cli/tests/golden.rs
expression: cst
input_file: crates/asatsuyu-cli/tests/cases/import-dotted/input.asty
---
SourceFile@0..39
  ImportStmt@0..14
    ImportKw@0..6 "import"
    Whitespace@6..7 " "
    Ident@7..9 "io"
    Dot@9..10 "."
    Ident@10..14 "path"
  FnDef@14..38
    Visibility@14..19
      Newline@14..15 "\n"
      Newline@15..16 "\n"
      PubKw@16..19 "pub"
    Whitespace@19..20 " "
    FnKw@20..22 "fn"
    Whitespace@22..23 " "
    Ident@23..27 "main"
    ParamList@27..29
      LParen@27..28 "("
      RParen@28..29 ")"
    BlockExpr@29..38
      Whitespace@29..30 " "
      LBrace@30..31 "{"
      LiteralExpr@31..36
        Newline@31..32 "\n"
        Whitespace@32..34 "  "
        IntLit@34..36 "42"
      Newline@36..37 "\n"
      RBrace@37..38 "}"
  Newline@38..39 "\n"
