---
source: crates/asatsuyu-cli/tests/golden.rs
expression: thir
input_file: crates/asatsuyu-cli/tests/cases/adt-record/input.asty
---
ThirModule {
    functions: [
        ThirFnDef {
            def_id: Idx::<DefData>(2),
            visibility: Public,
            params: [],
            return_ty: Named {
                def_id: Idx::<DefData>(1),
                name: "Point",
                args: [],
            },
            body: Block {
                exprs: [
                    Call {
                        func: Var {
                            def_id: Idx::<DefData>(1),
                            ty: Function {
                                params: [
                                    Primitive(
                                        Int,
                                    ),
                                    Primitive(
                                        Int,
                                    ),
                                ],
                                ret: Named {
                                    def_id: Idx::<DefData>(1),
                                    name: "Point",
                                    args: [],
                                },
                            },
                            span: Span {
                                file_id: FileId(
                                    0,
                                ),
                                start: 63,
                                end: 68,
                            },
                        },
                        args: [
                            Literal(
                                ThirLiteral {
                                    kind: Int,
                                    value: "0",
                                    ty: Primitive(
                                        Int,
                                    ),
                                    span: Span {
                                        file_id: FileId(
                                            0,
                                        ),
                                        start: 69,
                                        end: 70,
                                    },
                                },
                            ),
                            Literal(
                                ThirLiteral {
                                    kind: Int,
                                    value: "0",
                                    ty: Primitive(
                                        Int,
                                    ),
                                    span: Span {
                                        file_id: FileId(
                                            0,
                                        ),
                                        start: 72,
                                        end: 73,
                                    },
                                },
                            ),
                        ],
                        ty: Named {
                            def_id: Idx::<DefData>(1),
                            name: "Point",
                            args: [],
                        },
                        span: Span {
                            file_id: FileId(
                                0,
                            ),
                            start: 60,
                            end: 74,
                        },
                    },
                ],
                ty: Named {
                    def_id: Idx::<DefData>(1),
                    name: "Point",
                    args: [],
                },
                span: Span {
                    file_id: FileId(
                        0,
                    ),
                    start: 58,
                    end: 76,
                },
            },
            ty: Function {
                params: [],
                ret: Named {
                    def_id: Idx::<DefData>(1),
                    name: "Point",
                    args: [],
                },
            },
            span: Span {
                file_id: FileId(
                    0,
                ),
                start: 32,
                end: 76,
            },
        },
    ],
    custom_types: [
        HirCustomType {
            def_id: Idx::<DefData>(1),
            visibility: Private,
            type_params: [],
            variants: [
                HirVariant {
                    def_id: Idx::<DefData>(1),
                    fields: [
                        HirFieldType {
                            label: Some(
                                "x",
                            ),
                            type_expr: HirTypeExpr {
                                name: "Int",
                                args: [],
                                span: Span {
                                    file_id: FileId(
                                        0,
                                    ),
                                    start: 18,
                                    end: 21,
                                },
                            },
                            span: Span {
                                file_id: FileId(
                                    0,
                                ),
                                start: 12,
                                end: 21,
                            },
                        },
                        HirFieldType {
                            label: Some(
                                "y",
                            ),
                            type_expr: HirTypeExpr {
                                name: "Int",
                                args: [],
                                span: Span {
                                    file_id: FileId(
                                        0,
                                    ),
                                    start: 27,
                                    end: 30,
                                },
                            },
                            span: Span {
                                file_id: FileId(
                                    0,
                                ),
                                start: 21,
                                end: 30,
                            },
                        },
                    ],
                    span: Span {
                        file_id: FileId(
                            0,
                        ),
                        start: 0,
                        end: 32,
                    },
                },
            ],
            span: Span {
                file_id: FileId(
                    0,
                ),
                start: 0,
                end: 32,
            },
        },
    ],
    imports: [],
    symbol_table: SymbolTable {
        defs: Arena {
            len: 3,
            data: [
                DefData {
                    name: "string_concat",
                    kind: Builtin,
                    span: Span {
                        file_id: FileId(
                            0,
                        ),
                        start: 0,
                        end: 0,
                    },
                },
                DefData {
                    name: "Point",
                    kind: Type,
                    span: Span {
                        file_id: FileId(
                            0,
                        ),
                        start: 5,
                        end: 10,
                    },
                },
                DefData {
                    name: "origin",
                    kind: Function,
                    span: Span {
                        file_id: FileId(
                            0,
                        ),
                        start: 41,
                        end: 47,
                    },
                },
            ],
        },
    },
    ffi_modules: {},
    span: Span {
        file_id: FileId(
            0,
        ),
        start: 0,
        end: 77,
    },
}
