---
source: crates/asatsuyu-cli/tests/golden.rs
expression: thir
input_file: crates/asatsuyu-cli/tests/cases/err-ty-non-exhaustive/input.asty
---
ThirModule {
    functions: [
        ThirFnDef {
            def_id: Idx::<DefData>(7),
            visibility: Public,
            params: [
                ThirParam {
                    def_id: Idx::<DefData>(8),
                    ty: Named {
                        def_id: Idx::<DefData>(3),
                        name: "Color",
                        args: [],
                    },
                    span: Span {
                        file_id: FileId(
                            0,
                        ),
                        start: 49,
                        end: 57,
                    },
                },
            ],
            return_ty: Primitive(
                String,
            ),
            body: Block {
                exprs: [
                    Match {
                        subject: Var {
                            def_id: Idx::<DefData>(8),
                            ty: Named {
                                def_id: Idx::<DefData>(3),
                                name: "Color",
                                args: [],
                            },
                            span: Span {
                                file_id: FileId(
                                    0,
                                ),
                                start: 79,
                                end: 80,
                            },
                        },
                        arms: [
                            ThirMatchArm {
                                pattern: Constructor {
                                    def_id: Idx::<DefData>(4),
                                    fields: [],
                                    ty: Named {
                                        def_id: Idx::<DefData>(3),
                                        name: "Color",
                                        args: [],
                                    },
                                    span: Span {
                                        file_id: FileId(
                                            0,
                                        ),
                                        start: 82,
                                        end: 90,
                                    },
                                },
                                body: Literal(
                                    ThirLiteral {
                                        kind: String,
                                        value: "\"red\"",
                                        ty: Primitive(
                                            String,
                                        ),
                                        span: Span {
                                            file_id: FileId(
                                                0,
                                            ),
                                            start: 94,
                                            end: 99,
                                        },
                                    },
                                ),
                                span: Span {
                                    file_id: FileId(
                                        0,
                                    ),
                                    start: 82,
                                    end: 99,
                                },
                            },
                        ],
                        ty: Primitive(
                            String,
                        ),
                        span: Span {
                            file_id: FileId(
                                0,
                            ),
                            start: 70,
                            end: 103,
                        },
                    },
                ],
                ty: Primitive(
                    String,
                ),
                span: Span {
                    file_id: FileId(
                        0,
                    ),
                    start: 68,
                    end: 105,
                },
            },
            ty: Function {
                params: [
                    Named {
                        def_id: Idx::<DefData>(3),
                        name: "Color",
                        args: [],
                    },
                ],
                ret: Primitive(
                    String,
                ),
            },
            span: Span {
                file_id: FileId(
                    0,
                ),
                start: 35,
                end: 105,
            },
        },
    ],
    custom_types: [
        HirCustomType {
            def_id: Idx::<DefData>(3),
            visibility: Private,
            type_params: [],
            variants: [
                HirVariant {
                    def_id: Idx::<DefData>(4),
                    fields: [],
                    span: Span {
                        file_id: FileId(
                            0,
                        ),
                        start: 12,
                        end: 18,
                    },
                },
                HirVariant {
                    def_id: Idx::<DefData>(5),
                    fields: [],
                    span: Span {
                        file_id: FileId(
                            0,
                        ),
                        start: 18,
                        end: 26,
                    },
                },
                HirVariant {
                    def_id: Idx::<DefData>(6),
                    fields: [],
                    span: Span {
                        file_id: FileId(
                            0,
                        ),
                        start: 26,
                        end: 33,
                    },
                },
            ],
            span: Span {
                file_id: FileId(
                    0,
                ),
                start: 0,
                end: 35,
            },
        },
    ],
    imports: [],
    symbol_table: SymbolTable {
        defs: Arena {
            len: 9,
            data: [
                DefData {
                    name: "string_concat",
                    kind: Builtin,
                    is_mutable: false,
                    span: Span {
                        file_id: FileId(
                            0,
                        ),
                        start: 0,
                        end: 0,
                    },
                },
                DefData {
                    name: "println",
                    kind: Builtin,
                    is_mutable: false,
                    span: Span {
                        file_id: FileId(
                            0,
                        ),
                        start: 0,
                        end: 0,
                    },
                },
                DefData {
                    name: "list",
                    kind: Builtin,
                    is_mutable: false,
                    span: Span {
                        file_id: FileId(
                            0,
                        ),
                        start: 0,
                        end: 0,
                    },
                },
                DefData {
                    name: "Color",
                    kind: Type,
                    is_mutable: false,
                    span: Span {
                        file_id: FileId(
                            0,
                        ),
                        start: 5,
                        end: 10,
                    },
                },
                DefData {
                    name: "Red",
                    kind: Constructor,
                    is_mutable: false,
                    span: Span {
                        file_id: FileId(
                            0,
                        ),
                        start: 15,
                        end: 18,
                    },
                },
                DefData {
                    name: "Green",
                    kind: Constructor,
                    is_mutable: false,
                    span: Span {
                        file_id: FileId(
                            0,
                        ),
                        start: 21,
                        end: 26,
                    },
                },
                DefData {
                    name: "Blue",
                    kind: Constructor,
                    is_mutable: false,
                    span: Span {
                        file_id: FileId(
                            0,
                        ),
                        start: 29,
                        end: 33,
                    },
                },
                DefData {
                    name: "name",
                    kind: Function,
                    is_mutable: false,
                    span: Span {
                        file_id: FileId(
                            0,
                        ),
                        start: 44,
                        end: 48,
                    },
                },
                DefData {
                    name: "c",
                    kind: Parameter,
                    is_mutable: false,
                    span: Span {
                        file_id: FileId(
                            0,
                        ),
                        start: 49,
                        end: 50,
                    },
                },
            ],
        },
    },
    ffi_modules: {},
    span: Span {
        file_id: FileId(
            0,
        ),
        start: 0,
        end: 106,
    },
}
