---
source: crates/asatsuyu-cli/tests/golden.rs
expression: ast
input_file: crates/asatsuyu-cli/tests/cases/fn-minimal/input.asty
---
Module {
    imports: [],
    definitions: [
        Function(
            FnDef {
                name: Ident {
                    name: "main",
                    span: Span {
                        file_id: FileId(
                            0,
                        ),
                        start: 7,
                        end: 11,
                    },
                },
                visibility: Public,
                is_async: false,
                pure_span: None,
                params: [],
                return_type: None,
                body: Block {
                    exprs: [
                        Literal(
                            Literal {
                                kind: Int,
                                value: "42",
                                span: Span {
                                    file_id: FileId(
                                        0,
                                    ),
                                    start: 18,
                                    end: 20,
                                },
                            },
                        ),
                    ],
                    span: Span {
                        file_id: FileId(
                            0,
                        ),
                        start: 14,
                        end: 22,
                    },
                },
                span: Span {
                    file_id: FileId(
                        0,
                    ),
                    start: 0,
                    end: 22,
                },
            },
        ),
    ],
    span: Span {
        file_id: FileId(
            0,
        ),
        start: 0,
        end: 22,
    },
}
