---
source: crates/asatsuyu-cli/tests/golden.rs
expression: ast
input_file: crates/asatsuyu-cli/tests/cases/unop-negate/input.asty
---
Module {
    imports: [],
    definitions: [
        Function(
            FnDef {
                name: Ident {
                    name: "negate",
                    span: Span {
                        file_id: FileId(
                            0,
                        ),
                        start: 7,
                        end: 13,
                    },
                },
                visibility: Public,
                params: [
                    Param {
                        name: Ident {
                            name: "x",
                            span: Span {
                                file_id: FileId(
                                    0,
                                ),
                                start: 14,
                                end: 15,
                            },
                        },
                        type_ann: Some(
                            Named {
                                name: Ident {
                                    name: "Int",
                                    span: Span {
                                        file_id: FileId(
                                            0,
                                        ),
                                        start: 17,
                                        end: 20,
                                    },
                                },
                                args: [],
                                span: Span {
                                    file_id: FileId(
                                        0,
                                    ),
                                    start: 17,
                                    end: 20,
                                },
                            },
                        ),
                        span: Span {
                            file_id: FileId(
                                0,
                            ),
                            start: 14,
                            end: 20,
                        },
                    },
                ],
                return_type: Some(
                    Named {
                        name: Ident {
                            name: "Int",
                            span: Span {
                                file_id: FileId(
                                    0,
                                ),
                                start: 25,
                                end: 28,
                            },
                        },
                        args: [],
                        span: Span {
                            file_id: FileId(
                                0,
                            ),
                            start: 25,
                            end: 28,
                        },
                    },
                ),
                body: Block {
                    exprs: [
                        UnaryOp {
                            op: Neg,
                            expr: Variable(
                                Ident {
                                    name: "x",
                                    span: Span {
                                        file_id: FileId(
                                            0,
                                        ),
                                        start: 34,
                                        end: 35,
                                    },
                                },
                            ),
                            span: Span {
                                file_id: FileId(
                                    0,
                                ),
                                start: 30,
                                end: 35,
                            },
                        },
                    ],
                    span: Span {
                        file_id: FileId(
                            0,
                        ),
                        start: 28,
                        end: 37,
                    },
                },
                span: Span {
                    file_id: FileId(
                        0,
                    ),
                    start: 0,
                    end: 37,
                },
            },
        ),
    ],
    span: Span {
        file_id: FileId(
            0,
        ),
        start: 0,
        end: 38,
    },
}
