---
source: crates/asatsuyu-cli/tests/golden.rs
expression: hir
input_file: crates/asatsuyu-cli/tests/cases/fn-return-type/input.asty
---
HirModule {
    imports: [],
    functions: [
        HirFnDef {
            def_id: Idx::<DefData>(3),
            visibility: Public,
            is_async: false,
            params: [],
            return_type: Some(
                HirTypeExpr {
                    name: "String",
                    args: [],
                    span: Span {
                        file_id: FileId(
                            0,
                        ),
                        start: 18,
                        end: 24,
                    },
                },
            ),
            body: Block {
                exprs: [
                    Literal(
                        HirLiteral {
                            kind: String,
                            value: "\"hi\"",
                            span: Span {
                                file_id: FileId(
                                    0,
                                ),
                                start: 29,
                                end: 33,
                            },
                        },
                    ),
                ],
                span: Span {
                    file_id: FileId(
                        0,
                    ),
                    start: 24,
                    end: 35,
                },
            },
            span: Span {
                file_id: FileId(
                    0,
                ),
                start: 0,
                end: 35,
            },
        },
    ],
    custom_types: [],
    symbol_table: SymbolTable {
        defs: Arena {
            len: 4,
            data: [
                DefData {
                    name: "string_concat",
                    kind: Builtin,
                    is_mutable: false,
                    span: Span {
                        file_id: FileId(
                            0,
                        ),
                        start: 0,
                        end: 0,
                    },
                },
                DefData {
                    name: "println",
                    kind: Builtin,
                    is_mutable: false,
                    span: Span {
                        file_id: FileId(
                            0,
                        ),
                        start: 0,
                        end: 0,
                    },
                },
                DefData {
                    name: "list",
                    kind: Builtin,
                    is_mutable: false,
                    span: Span {
                        file_id: FileId(
                            0,
                        ),
                        start: 0,
                        end: 0,
                    },
                },
                DefData {
                    name: "greet",
                    kind: Function,
                    is_mutable: false,
                    span: Span {
                        file_id: FileId(
                            0,
                        ),
                        start: 7,
                        end: 12,
                    },
                },
            ],
        },
    },
    span: Span {
        file_id: FileId(
            0,
        ),
        start: 0,
        end: 36,
    },
}
