---
source: crates/asatsuyu-cli/tests/golden.rs
expression: ast
input_file: crates/asatsuyu-cli/tests/cases/ffi-json-basic/input.asty
---
Module {
    imports: [
        Python {
            module_name: Ident {
                name: "json",
                span: Span {
                    file_id: FileId(
                        0,
                    ),
                    start: 19,
                    end: 23,
                },
            },
            alias: None,
            span: Span {
                file_id: FileId(
                    0,
                ),
                start: 0,
                end: 23,
            },
        },
    ],
    definitions: [
        Function(
            FnDef {
                name: Ident {
                    name: "main",
                    span: Span {
                        file_id: FileId(
                            0,
                        ),
                        start: 32,
                        end: 36,
                    },
                },
                visibility: Public,
                is_async: false,
                params: [],
                return_type: Some(
                    Named {
                        name: Ident {
                            name: "String",
                            span: Span {
                                file_id: FileId(
                                    0,
                                ),
                                start: 42,
                                end: 48,
                            },
                        },
                        args: [],
                        span: Span {
                            file_id: FileId(
                                0,
                            ),
                            start: 42,
                            end: 48,
                        },
                    },
                ),
                body: Block {
                    exprs: [
                        Call {
                            func: FieldAccess {
                                receiver: Variable(
                                    Ident {
                                        name: "json",
                                        span: Span {
                                            file_id: FileId(
                                                0,
                                            ),
                                            start: 53,
                                            end: 57,
                                        },
                                    },
                                ),
                                field: Ident {
                                    name: "dumps",
                                    span: Span {
                                        file_id: FileId(
                                            0,
                                        ),
                                        start: 58,
                                        end: 63,
                                    },
                                },
                                span: Span {
                                    file_id: FileId(
                                        0,
                                    ),
                                    start: 50,
                                    end: 63,
                                },
                            },
                            args: [
                                Literal(
                                    Literal {
                                        kind: String,
                                        value: "\"hello\"",
                                        span: Span {
                                            file_id: FileId(
                                                0,
                                            ),
                                            start: 64,
                                            end: 71,
                                        },
                                    },
                                ),
                            ],
                            span: Span {
                                file_id: FileId(
                                    0,
                                ),
                                start: 50,
                                end: 72,
                            },
                        },
                    ],
                    span: Span {
                        file_id: FileId(
                            0,
                        ),
                        start: 48,
                        end: 74,
                    },
                },
                span: Span {
                    file_id: FileId(
                        0,
                    ),
                    start: 23,
                    end: 74,
                },
            },
        ),
    ],
    span: Span {
        file_id: FileId(
            0,
        ),
        start: 0,
        end: 75,
    },
}
