---
source: crates/asatsuyu-cli/tests/golden.rs
expression: cst
input_file: crates/asatsuyu-cli/tests/cases/async-basic/input.asty
---
SourceFile@0..81
  FnDef@0..29
    AsyncKw@0..5 "async"
    Whitespace@5..6 " "
    FnKw@6..8 "fn"
    Whitespace@8..9 " "
    Ident@9..14 "fetch"
    ParamList@14..16
      LParen@14..15 "("
      RParen@15..16 ")"
    ReturnType@16..23
      Whitespace@16..17 " "
      Arrow@17..19 "->"
      TypeExpr@19..23
        Whitespace@19..20 " "
        Ident@20..23 "Int"
    BlockExpr@23..29
      Whitespace@23..24 " "
      LBrace@24..25 "{"
      LiteralExpr@25..27
        Whitespace@25..26 " "
        IntLit@26..27 "1"
      Whitespace@27..28 " "
      RBrace@28..29 "}"
  FnDef@29..80
    Visibility@29..34
      Newline@29..30 "\n"
      Newline@30..31 "\n"
      PubKw@31..34 "pub"
    Whitespace@34..35 " "
    AsyncKw@35..40 "async"
    Whitespace@40..41 " "
    FnKw@41..43 "fn"
    Whitespace@43..44 " "
    Ident@44..53 "run_fetch"
    ParamList@53..55
      LParen@53..54 "("
      RParen@54..55 ")"
    ReturnType@55..62
      Whitespace@55..56 " "
      Arrow@56..58 "->"
      TypeExpr@58..62
        Whitespace@58..59 " "
        Ident@59..62 "Int"
    BlockExpr@62..80
      Whitespace@62..63 " "
      LBrace@63..64 "{"
      AwaitExpr@64..78
        Whitespace@64..65 " "
        AwaitKw@65..70 "await"
        CallExpr@70..78
          IdentExpr@70..76
            Whitespace@70..71 " "
            Ident@71..76 "fetch"
          ArgList@76..78
            LParen@76..77 "("
            RParen@77..78 ")"
      Whitespace@78..79 " "
      RBrace@79..80 "}"
  Newline@80..81 "\n"
