---
source: crates/asatsuyu-cli/tests/golden.rs
expression: thir
input_file: crates/asatsuyu-cli/tests/cases/adt-option/input.asty
---
ThirModule {
    functions: [
        ThirFnDef {
            def_id: Idx::<DefData>(7),
            visibility: Public,
            is_async: false,
            purity: Pure,
            declared_pure: false,
            params: [
                ThirParam {
                    def_id: Idx::<DefData>(8),
                    ty: Named {
                        def_id: Idx::<DefData>(4),
                        name: "Option",
                        args: [
                            Var(
                                TyVarId(
                                    1,
                                ),
                            ),
                        ],
                    },
                    span: Span {
                        file_id: FileId(
                            0,
                        ),
                        start: 54,
                        end: 65,
                    },
                },
                ThirParam {
                    def_id: Idx::<DefData>(9),
                    ty: Primitive(
                        Int,
                    ),
                    span: Span {
                        file_id: FileId(
                            0,
                        ),
                        start: 67,
                        end: 79,
                    },
                },
            ],
            return_ty: Primitive(
                Int,
            ),
            body: Block {
                exprs: [
                    Match {
                        subject: Var {
                            def_id: Idx::<DefData>(8),
                            ty: Named {
                                def_id: Idx::<DefData>(4),
                                name: "Option",
                                args: [
                                    Var(
                                        TyVarId(
                                            1,
                                        ),
                                    ),
                                ],
                            },
                            span: Span {
                                file_id: FileId(
                                    0,
                                ),
                                start: 98,
                                end: 101,
                            },
                        },
                        arms: [
                            ThirMatchArm {
                                pattern: Constructor {
                                    def_id: Idx::<DefData>(5),
                                    fields: [
                                        Variable {
                                            def_id: Idx::<DefData>(10),
                                            ty: Var(
                                                TyVarId(
                                                    3,
                                                ),
                                            ),
                                            span: Span {
                                                file_id: FileId(
                                                    0,
                                                ),
                                                start: 113,
                                                end: 114,
                                            },
                                        },
                                    ],
                                    ty: Named {
                                        def_id: Idx::<DefData>(4),
                                        name: "Option",
                                        args: [
                                            Var(
                                                TyVarId(
                                                    3,
                                                ),
                                            ),
                                        ],
                                    },
                                    span: Span {
                                        file_id: FileId(
                                            0,
                                        ),
                                        start: 108,
                                        end: 115,
                                    },
                                },
                                body: Var {
                                    def_id: Idx::<DefData>(10),
                                    ty: Var(
                                        TyVarId(
                                            3,
                                        ),
                                    ),
                                    span: Span {
                                        file_id: FileId(
                                            0,
                                        ),
                                        start: 119,
                                        end: 120,
                                    },
                                },
                                span: Span {
                                    file_id: FileId(
                                        0,
                                    ),
                                    start: 108,
                                    end: 120,
                                },
                            },
                            ThirMatchArm {
                                pattern: Constructor {
                                    def_id: Idx::<DefData>(6),
                                    fields: [],
                                    ty: Named {
                                        def_id: Idx::<DefData>(4),
                                        name: "Option",
                                        args: [
                                            Var(
                                                TyVarId(
                                                    4,
                                                ),
                                            ),
                                        ],
                                    },
                                    span: Span {
                                        file_id: FileId(
                                            0,
                                        ),
                                        start: 125,
                                        end: 129,
                                    },
                                },
                                body: Var {
                                    def_id: Idx::<DefData>(9),
                                    ty: Primitive(
                                        Int,
                                    ),
                                    span: Span {
                                        file_id: FileId(
                                            0,
                                        ),
                                        start: 133,
                                        end: 140,
                                    },
                                },
                                span: Span {
                                    file_id: FileId(
                                        0,
                                    ),
                                    start: 125,
                                    end: 140,
                                },
                            },
                        ],
                        ty: Primitive(
                            Int,
                        ),
                        span: Span {
                            file_id: FileId(
                                0,
                            ),
                            start: 92,
                            end: 144,
                        },
                    },
                ],
                ty: Primitive(
                    Int,
                ),
                span: Span {
                    file_id: FileId(
                        0,
                    ),
                    start: 88,
                    end: 146,
                },
            },
            ty: Function {
                params: [
                    Named {
                        def_id: Idx::<DefData>(4),
                        name: "Option",
                        args: [
                            Var(
                                TyVarId(
                                    1,
                                ),
                            ),
                        ],
                    },
                    Primitive(
                        Int,
                    ),
                ],
                ret: Primitive(
                    Int,
                ),
            },
            span: Span {
                file_id: FileId(
                    0,
                ),
                start: 37,
                end: 146,
            },
        },
    ],
    custom_types: [
        HirCustomType {
            def_id: Idx::<DefData>(4),
            visibility: Private,
            type_params: [
                "a",
            ],
            variants: [
                HirVariant {
                    def_id: Idx::<DefData>(5),
                    fields: [
                        HirFieldType {
                            label: None,
                            type_expr: HirTypeExpr {
                                name: "a",
                                args: [],
                                span: Span {
                                    file_id: FileId(
                                        0,
                                    ),
                                    start: 24,
                                    end: 25,
                                },
                            },
                            span: Span {
                                file_id: FileId(
                                    0,
                                ),
                                start: 24,
                                end: 25,
                            },
                        },
                    ],
                    span: Span {
                        file_id: FileId(
                            0,
                        ),
                        start: 19,
                        end: 26,
                    },
                },
                HirVariant {
                    def_id: Idx::<DefData>(6),
                    fields: [],
                    span: Span {
                        file_id: FileId(
                            0,
                        ),
                        start: 29,
                        end: 33,
                    },
                },
            ],
            span: Span {
                file_id: FileId(
                    0,
                ),
                start: 0,
                end: 35,
            },
        },
    ],
    imports: [],
    symbol_table: SymbolTable {
        defs: Arena {
            len: 11,
            data: [
                DefData {
                    name: "string_concat",
                    kind: Builtin,
                    is_mutable: false,
                    span: Span {
                        file_id: FileId(
                            0,
                        ),
                        start: 0,
                        end: 0,
                    },
                },
                DefData {
                    name: "println",
                    kind: Builtin,
                    is_mutable: false,
                    span: Span {
                        file_id: FileId(
                            0,
                        ),
                        start: 0,
                        end: 0,
                    },
                },
                DefData {
                    name: "list",
                    kind: Builtin,
                    is_mutable: false,
                    span: Span {
                        file_id: FileId(
                            0,
                        ),
                        start: 0,
                        end: 0,
                    },
                },
                DefData {
                    name: "option",
                    kind: Builtin,
                    is_mutable: false,
                    span: Span {
                        file_id: FileId(
                            0,
                        ),
                        start: 0,
                        end: 0,
                    },
                },
                DefData {
                    name: "Option",
                    kind: Type,
                    is_mutable: false,
                    span: Span {
                        file_id: FileId(
                            0,
                        ),
                        start: 5,
                        end: 11,
                    },
                },
                DefData {
                    name: "Some",
                    kind: Constructor,
                    is_mutable: false,
                    span: Span {
                        file_id: FileId(
                            0,
                        ),
                        start: 19,
                        end: 23,
                    },
                },
                DefData {
                    name: "None",
                    kind: Constructor,
                    is_mutable: false,
                    span: Span {
                        file_id: FileId(
                            0,
                        ),
                        start: 29,
                        end: 33,
                    },
                },
                DefData {
                    name: "unwrap_or",
                    kind: Function,
                    is_mutable: false,
                    span: Span {
                        file_id: FileId(
                            0,
                        ),
                        start: 44,
                        end: 53,
                    },
                },
                DefData {
                    name: "opt",
                    kind: Parameter,
                    is_mutable: false,
                    span: Span {
                        file_id: FileId(
                            0,
                        ),
                        start: 54,
                        end: 57,
                    },
                },
                DefData {
                    name: "default",
                    kind: Parameter,
                    is_mutable: false,
                    span: Span {
                        file_id: FileId(
                            0,
                        ),
                        start: 67,
                        end: 74,
                    },
                },
                DefData {
                    name: "x",
                    kind: LocalBinding,
                    is_mutable: false,
                    span: Span {
                        file_id: FileId(
                            0,
                        ),
                        start: 113,
                        end: 114,
                    },
                },
            ],
        },
    },
    ffi_modules: {},
    python_api_index: None,
    span: Span {
        file_id: FileId(
            0,
        ),
        start: 0,
        end: 146,
    },
}
