---
source: crates/asatsuyu-cli/tests/golden.rs
expression: ast
input_file: crates/asatsuyu-cli/tests/cases/fn-body-block/input.asty
---
Module {
    imports: [],
    definitions: [
        Function(
            FnDef {
                name: Ident {
                    name: "compute",
                    span: Span {
                        file_id: FileId(
                            0,
                        ),
                        start: 7,
                        end: 14,
                    },
                },
                visibility: Public,
                is_async: false,
                pure_span: None,
                params: [],
                return_type: Some(
                    Named {
                        name: Ident {
                            name: "Int",
                            span: Span {
                                file_id: FileId(
                                    0,
                                ),
                                start: 20,
                                end: 23,
                            },
                        },
                        args: [],
                        span: Span {
                            file_id: FileId(
                                0,
                            ),
                            start: 20,
                            end: 23,
                        },
                    },
                ),
                body: Block {
                    exprs: [
                        Let {
                            name: Ident {
                                name: "x",
                                span: Span {
                                    file_id: FileId(
                                        0,
                                    ),
                                    start: 32,
                                    end: 33,
                                },
                            },
                            value: Literal(
                                Literal {
                                    kind: Int,
                                    value: "1",
                                    span: Span {
                                        file_id: FileId(
                                            0,
                                        ),
                                        start: 36,
                                        end: 37,
                                    },
                                },
                            ),
                            is_mutable: false,
                            span: Span {
                                file_id: FileId(
                                    0,
                                ),
                                start: 28,
                                end: 37,
                            },
                        },
                        Let {
                            name: Ident {
                                name: "y",
                                span: Span {
                                    file_id: FileId(
                                        0,
                                    ),
                                    start: 44,
                                    end: 45,
                                },
                            },
                            value: Literal(
                                Literal {
                                    kind: Int,
                                    value: "2",
                                    span: Span {
                                        file_id: FileId(
                                            0,
                                        ),
                                        start: 48,
                                        end: 49,
                                    },
                                },
                            ),
                            is_mutable: false,
                            span: Span {
                                file_id: FileId(
                                    0,
                                ),
                                start: 40,
                                end: 49,
                            },
                        },
                        BinaryOp {
                            op: Add,
                            lhs: Variable(
                                Ident {
                                    name: "x",
                                    span: Span {
                                        file_id: FileId(
                                            0,
                                        ),
                                        start: 52,
                                        end: 53,
                                    },
                                },
                            ),
                            rhs: Variable(
                                Ident {
                                    name: "y",
                                    span: Span {
                                        file_id: FileId(
                                            0,
                                        ),
                                        start: 56,
                                        end: 57,
                                    },
                                },
                            ),
                            span: Span {
                                file_id: FileId(
                                    0,
                                ),
                                start: 52,
                                end: 57,
                            },
                        },
                    ],
                    span: Span {
                        file_id: FileId(
                            0,
                        ),
                        start: 24,
                        end: 59,
                    },
                },
                span: Span {
                    file_id: FileId(
                        0,
                    ),
                    start: 0,
                    end: 59,
                },
            },
        ),
    ],
    span: Span {
        file_id: FileId(
            0,
        ),
        start: 0,
        end: 59,
    },
}
