---
source: crates/asatsuyu-cli/tests/golden.rs
expression: hir
input_file: crates/asatsuyu-cli/tests/cases/fn-multiple/input.asty
---
HirModule {
    imports: [],
    functions: [
        HirFnDef {
            def_id: Idx::<DefData>(4),
            visibility: Public,
            is_async: false,
            pure_span: None,
            params: [],
            return_type: Some(
                HirTypeExpr {
                    name: "Int",
                    args: [],
                    span: Span {
                        file_id: FileId(
                            0,
                        ),
                        start: 18,
                        end: 21,
                    },
                },
            ),
            body: Block {
                exprs: [
                    Literal(
                        HirLiteral {
                            kind: Int,
                            value: "1",
                            span: Span {
                                file_id: FileId(
                                    0,
                                ),
                                start: 26,
                                end: 27,
                            },
                        },
                    ),
                ],
                span: Span {
                    file_id: FileId(
                        0,
                    ),
                    start: 22,
                    end: 29,
                },
            },
            span: Span {
                file_id: FileId(
                    0,
                ),
                start: 0,
                end: 29,
            },
        },
        HirFnDef {
            def_id: Idx::<DefData>(5),
            visibility: Public,
            is_async: false,
            pure_span: None,
            params: [],
            return_type: Some(
                HirTypeExpr {
                    name: "Int",
                    args: [],
                    span: Span {
                        file_id: FileId(
                            0,
                        ),
                        start: 50,
                        end: 53,
                    },
                },
            ),
            body: Block {
                exprs: [
                    Literal(
                        HirLiteral {
                            kind: Int,
                            value: "2",
                            span: Span {
                                file_id: FileId(
                                    0,
                                ),
                                start: 58,
                                end: 59,
                            },
                        },
                    ),
                ],
                span: Span {
                    file_id: FileId(
                        0,
                    ),
                    start: 54,
                    end: 61,
                },
            },
            span: Span {
                file_id: FileId(
                    0,
                ),
                start: 31,
                end: 61,
            },
        },
    ],
    custom_types: [],
    symbol_table: SymbolTable {
        defs: Arena {
            len: 6,
            data: [
                DefData {
                    name: "string_concat",
                    kind: Builtin,
                    is_mutable: false,
                    span: Span {
                        file_id: FileId(
                            0,
                        ),
                        start: 0,
                        end: 0,
                    },
                },
                DefData {
                    name: "println",
                    kind: Builtin,
                    is_mutable: false,
                    span: Span {
                        file_id: FileId(
                            0,
                        ),
                        start: 0,
                        end: 0,
                    },
                },
                DefData {
                    name: "list",
                    kind: Builtin,
                    is_mutable: false,
                    span: Span {
                        file_id: FileId(
                            0,
                        ),
                        start: 0,
                        end: 0,
                    },
                },
                DefData {
                    name: "option",
                    kind: Builtin,
                    is_mutable: false,
                    span: Span {
                        file_id: FileId(
                            0,
                        ),
                        start: 0,
                        end: 0,
                    },
                },
                DefData {
                    name: "first",
                    kind: Function,
                    is_mutable: false,
                    span: Span {
                        file_id: FileId(
                            0,
                        ),
                        start: 7,
                        end: 12,
                    },
                },
                DefData {
                    name: "second",
                    kind: Function,
                    is_mutable: false,
                    span: Span {
                        file_id: FileId(
                            0,
                        ),
                        start: 38,
                        end: 44,
                    },
                },
            ],
        },
    },
    span: Span {
        file_id: FileId(
            0,
        ),
        start: 0,
        end: 61,
    },
}
